// Jest Snapshot v1, https://goo.gl/fbAQLP

exports[`CloseDetailsButton should render the close button with correct styling 1`] = `
<DocumentFragment>
  <a
    aria-label="Close movie details"
    class="
                absolute top-0 right-0 p-2 z-20 text-5xl text-[var(--color-primary)]
                hover:text-red-400 cursor-pointer transition-colors
            "
    data-discover="true"
    href="/"
    title="Close movie details"
  >
    Ã—
  </a>
</DocumentFragment>
`;
