// Jest Snapshot v1, https://goo.gl/fbAQLP

exports[`Dialog Should render correctly with string title and children 1`] = `<DocumentFragment />`;
