// Jest Snapshot v1, https://goo.gl/fbAQLP

exports[`ErrorMessage Should render the error message correctly 1`] = `
<DocumentFragment>
  <div
    class="flex items-center text-center "
    data-testid="error-container"
  >
    <span
      class="text-red-500 mr-3"
      data-testid="error-message"
    >
      Test error message
    </span>
    <button
      aria-label="Dismiss error"
      class="
                    text-3xl text-red-300 hover:text-[var(--color-primary)]
                    transition-colors duration-300 cursor-pointer
                "
      data-testid="error-dismiss-button"
    >
      Ã—
    </button>
  </div>
</DocumentFragment>
`;
